// Jest Snapshot v1, https://goo.gl/fbAQLP

exports[`renders correctly 1`] = `
<section
  className="component_login"
>
  <img
    className="component_login-logo"
    src="test-file-stub"
  />
  <a
    href="http://someurl"
  >
    Login to Monzo
  </a>
</section>
`;
